// Jest Snapshot v1, https://goo.gl/fbAQLP

exports[`Button snapshots: component renders with defaults 1`] = `
<button
  type="button"
>
  Test label
</button>
`;
