// Jest Snapshot v1, https://goo.gl/fbAQLP

exports[`Navigation snapshots: component renders with defaults 1`] = `
.emotion-0 {
  display: none;
  font-size: 0.75rem;
  font-weight: 700;
  -webkit-letter-spacing: 1px;
  -moz-letter-spacing: 1px;
  -ms-letter-spacing: 1px;
  letter-spacing: 1px;
  text-transform: uppercase;
}

.emotion-0 ul {
  list-style: none;
  margin: 0;
  padding: 0;
}

.emotion-0 li {
  cursor: pointer;
}

<nav
  className="emotion-0"
>
  <ul>
    <li>
      About
    </li>
  </ul>
</nav>
`;
